[none/residential/ieee33/s100] ep   0 stage0 n_ev=60 cost=231.2 SQ=0.993 viol=0.00% curt=0.0 
[none/residential/ieee33/s100] ep  19 stage1 n_ev=60 cost=209.5 SQ=0.989 viol=0.00% curt=0.0 ADVANCED
[none/residential/ieee33/s100] ep  25 stage1 n_ev=120 cost=125.9 SQ=0.996 viol=0.00% curt=0.0 
[none/residential/ieee33/s100] ep  39 stage2 n_ev=120 cost=418.2 SQ=0.985 viol=0.00% curt=0.0 ADVANCED
[none/residential/ieee33/s100] ep  50 stage2 n_ev=180 cost=446.7 SQ=0.992 viol=0.00% curt=0.0 
[none/residential/ieee33/s100] ep  59 stage3 n_ev=180 cost=774.2 SQ=0.995 viol=0.00% curt=0.0 ADVANCED
[none/residential/ieee33/s100] ep  75 stage3 n_ev=240 cost=665.5 SQ=0.997 viol=0.00% curt=0.0 
[none/residential/ieee33/s100] ep  79 stage4 n_ev=240 cost=1094.0 SQ=0.996 viol=0.00% curt=0.0 ADVANCED
[none/residential/ieee33/s100] ep  99 stage5 n_ev=300 cost=672.8 SQ=0.985 viol=0.00% curt=0.0 ADVANCED
[none/residential/ieee33/s100] ep 100 stage5 n_ev=258 cost=699.6 SQ=0.992 viol=0.00% curt=0.0 
[none/residential/ieee33/s100] ep 125 stage5 n_ev=233 cost=634.5 SQ=0.996 viol=0.00% curt=0.0 
[none/residential/ieee33/s100] ep 150 stage5 n_ev=208 cost=753.8 SQ=0.992 viol=0.00% curt=0.0 
[none/residential/ieee33/s100] ep 175 stage5 n_ev=214 cost=811.0 SQ=0.995 viol=0.00% curt=0.0 
[none/residential/ieee33/s100] ep 200 stage5 n_ev=181 cost=609.6 SQ=0.996 viol=0.00% curt=0.0 
[none/residential/ieee33/s100] ep 225 stage5 n_ev=204 cost=86.4 SQ=0.986 viol=0.00% curt=0.0 
[none/residential/ieee33/s100] ep 250 stage5 n_ev=181 cost=568.8 SQ=0.994 viol=0.00% curt=0.0 
[none/residential/ieee33/s100] ep 275 stage5 n_ev=231 cost=745.5 SQ=0.994 viol=0.00% curt=0.0 
[none/residential/ieee33/s100] ep 300 stage5 n_ev=262 cost=878.4 SQ=0.998 viol=0.00% curt=0.0 
[none/residential/ieee33/s100] ep 325 stage5 n_ev=239 cost=243.7 SQ=0.993 viol=0.00% curt=0.0 
[none/residential/ieee33/s100] ep 350 stage5 n_ev=146 cost=16.5 SQ=0.987 viol=0.00% curt=0.0 
[none/residential/ieee33/s100] ep 375 stage5 n_ev=288 cost=1482.0 SQ=0.994 viol=0.00% curt=0.0 
[none/residential/ieee33/s100] ep 400 stage5 n_ev=158 cost=519.1 SQ=0.998 viol=0.00% curt=0.0 
[none/residential/ieee33/s100] ep 425 stage5 n_ev=179 cost=566.4 SQ=0.995 viol=0.00% curt=0.0 
[none/residential/ieee33/s100] ep 450 stage5 n_ev=231 cost=790.0 SQ=0.998 viol=0.00% curt=0.0 
[none/residential/ieee33/s100] ep 475 stage5 n_ev=261 cost=156.9 SQ=0.986 viol=0.00% curt=0.0 
[none/residential/ieee33/s100] ep 500 stage5 n_ev=289 cost=1311.3 SQ=0.993 viol=0.00% curt=0.0 
[none/residential/ieee33/s100] ep 525 stage5 n_ev=152 cost=524.0 SQ=0.996 viol=0.00% curt=0.0 
[none/residential/ieee33/s100] ep 550 stage5 n_ev=224 cost=215.9 SQ=0.994 viol=0.00% curt=0.0 
[none/residential/ieee33/s100] ep 575 stage5 n_ev=159 cost=652.7 SQ=0.994 viol=0.00% curt=0.0 
{"price_offset": -0.00703125, "retail_uncalibrated": 0.20651550667604046, "retail_calibrated": 0.20012351198620768, "lambda_ref": 0.2, "days": 10, "split": "train", "seed": 500000}
