[none/residential/ieee33/s101] ep   0 stage0 n_ev=60 cost=253.3 SQ=0.995 viol=0.00% curt=0.0 
[none/residential/ieee33/s101] ep  19 stage1 n_ev=60 cost=130.7 SQ=0.996 viol=0.00% curt=0.0 ADVANCED
[none/residential/ieee33/s101] ep  25 stage1 n_ev=120 cost=90.7 SQ=0.991 viol=0.00% curt=0.0 
[none/residential/ieee33/s101] ep  39 stage2 n_ev=120 cost=461.9 SQ=0.995 viol=0.00% curt=0.0 ADVANCED
[none/residential/ieee33/s101] ep  50 stage2 n_ev=180 cost=447.5 SQ=0.997 viol=0.00% curt=0.0 
[none/residential/ieee33/s101] ep  59 stage3 n_ev=180 cost=118.3 SQ=0.996 viol=0.00% curt=0.0 ADVANCED
[none/residential/ieee33/s101] ep  75 stage3 n_ev=240 cost=759.7 SQ=0.990 viol=0.00% curt=0.0 
[none/residential/ieee33/s101] ep  79 stage4 n_ev=240 cost=766.5 SQ=0.988 viol=0.00% curt=0.0 ADVANCED
[none/residential/ieee33/s101] ep  99 stage5 n_ev=300 cost=1779.0 SQ=0.994 viol=0.00% curt=0.0 ADVANCED
[none/residential/ieee33/s101] ep 100 stage5 n_ev=176 cost=417.5 SQ=0.995 viol=0.00% curt=0.0 
[none/residential/ieee33/s101] ep 125 stage5 n_ev=205 cost=617.6 SQ=0.996 viol=0.00% curt=0.0 
[none/residential/ieee33/s101] ep 150 stage5 n_ev=281 cost=438.1 SQ=0.998 viol=0.00% curt=0.0 
[none/residential/ieee33/s101] ep 175 stage5 n_ev=283 cost=1332.6 SQ=0.997 viol=0.00% curt=0.0 
[none/residential/ieee33/s101] ep 200 stage5 n_ev=297 cost=1095.2 SQ=0.990 viol=0.00% curt=0.0 
[none/residential/ieee33/s101] ep 225 stage5 n_ev=131 cost=434.4 SQ=0.994 viol=0.00% curt=0.0 
[none/residential/ieee33/s101] ep 250 stage5 n_ev=145 cost=495.2 SQ=0.997 viol=0.00% curt=0.0 
[none/residential/ieee33/s101] ep 275 stage5 n_ev=253 cost=796.7 SQ=0.995 viol=0.00% curt=0.0 
[none/residential/ieee33/s101] ep 300 stage5 n_ev=272 cost=825.4 SQ=0.997 viol=0.00% curt=0.0 
[none/residential/ieee33/s101] ep 325 stage5 n_ev=249 cost=863.6 SQ=0.994 viol=0.00% curt=0.0 
[none/residential/ieee33/s101] ep 350 stage5 n_ev=262 cost=136.8 SQ=0.994 viol=0.00% curt=0.0 
[none/residential/ieee33/s101] ep 375 stage5 n_ev=297 cost=864.6 SQ=0.995 viol=0.00% curt=0.0 
[none/residential/ieee33/s101] ep 400 stage5 n_ev=252 cost=710.7 SQ=0.990 viol=0.00% curt=0.0 
[none/residential/ieee33/s101] ep 425 stage5 n_ev=148 cost=498.0 SQ=0.996 viol=0.00% curt=0.0 
[none/residential/ieee33/s101] ep 450 stage5 n_ev=295 cost=648.4 SQ=0.995 viol=0.00% curt=0.0 
[none/residential/ieee33/s101] ep 475 stage5 n_ev=165 cost=489.1 SQ=0.998 viol=0.00% curt=0.0 
[none/residential/ieee33/s101] ep 500 stage5 n_ev=241 cost=1130.4 SQ=0.997 viol=0.00% curt=0.0 
[none/residential/ieee33/s101] ep 525 stage5 n_ev=219 cost=971.7 SQ=0.991 viol=0.00% curt=0.0 
[none/residential/ieee33/s101] ep 550 stage5 n_ev=262 cost=1005.4 SQ=0.998 viol=0.00% curt=0.0 
[none/residential/ieee33/s101] ep 575 stage5 n_ev=126 cost=621.6 SQ=0.995 viol=0.00% curt=0.0 
{"price_offset": -0.051562500000000004, "retail_uncalibrated": 0.25090790275844377, "retail_calibrated": 0.20024340532750814, "lambda_ref": 0.2, "days": 10, "split": "train", "seed": 500000}
